GNU gdb (Ubuntu 7.11.1-0ubuntu1~16.04) 7.11.1
Copyright (C) 2016 Free Software Foundation, Inc.
License GPLv3+: GNU GPL version 3 or later <http://gnu.org/licenses/gpl.html>
This is free software: you are free to change and redistribute it.
There is NO WARRANTY, to the extent permitted by law.  Type "show copying"
and "show warranty" for details.
This GDB was configured as "x86_64-linux-gnu".
Type "show configuration" for configuration details.
For bug reporting instructions, please see:
<http://www.gnu.org/software/gdb/bugs/>.
Find the GDB manual and other documentation resources online at:
<http://www.gnu.org/software/gdb/documentation/>.
For help, type "help".
Type "apropos word" to search for commands related to "word"...
Reading symbols from g1...done.
(gdb) l
1       #include <ctype.h>
2       #include <stdio.h>
3
4       int main ()
5        {
6         char c;
7         c = fgetc (stdin) ;
8         while (c != EOF)
9         if (isalnum (c) )
10         printf ("%c\n", c) ;
(gdb) break 8 10
malformed linespec error: unexpected number, "10"
(gdb) break 8
Breakpoint 1 at 0x400630: file g1.c, line 8.
(gdb) break 10
Breakpoint 2 at 0x400652: file g1.c, line 10.
(gdb) step
The program is not being run.
(gdb) r
Starting program: /home/sss329/cs283/Lab2/gdb/gdb_test/g1
hello

Breakpoint 1, main () at g1.c:8
8         while (c != EOF)
(gdb) continue
Continuing.

Breakpoint 2, main () at g1.c:10
10         printf ("%c\n", c) ;
(gdb) continue
Continuing.
h

Breakpoint 2, main () at g1.c:10
10         printf ("%c\n", c) ;
(gdb) continue
Continuing.
h

Breakpoint 2, main () at g1.c:10
10         printf ("%c\n", c) ;
